Version: {STABLE_VERSION}, GitCommit: {STABLE_GIT_COMMIT}